[localhost_8080/index.html]
[backblue.gif]
[fade.gif]
[index.html]
[localhost_8080/wp-includes/css/dist/block-library/style.mince52.css]
[localhost_8080/comments/feed/index.html]
[localhost_8080/feed/index.html]
[fonts.googleapis.com/index.html]
[localhost_8080/wp-content/themes/zerif-lite/css/bootstrapce52.css]
[localhost_8080/wp-content/themes/zerif-lite/css/font-awesome.mind3b3.css]
[localhost_8080/wp-content/themes/thiago/styled3b3.css]
[localhost_8080/wp-content/themes/zerif-lite/css/responsived3b3.css]
[localhost_8080/wp-content/themes/zerif-lite/stylece52.css]
[localhost_8080/wp-content/themes/thiago/customce52.css]
[localhost_8080/wp-includes/js/jquery/jqueryb8ff.js]
[localhost_8080/wp-includes/js/jquery/jquery-migrate.min330a.js]
[localhost_8080/xmlrpc0db0.php]
[localhost_8080/wp-includes/wlwmanifest.xml]
[localhost_8080/wp-json/index.html]
[localhost_8080/wp-json/oembed/1.0/embed2f5c.json]
[localhost_8080/wp-json/oembed/1.0/embed698f]
[localhost_8080/wp-content/themes/thiago/images/logo.png]
[localhost_8080/wp-content/themes/zerif-lite/js/bootstrap.min11a8.js]
[localhost_8080/citacoes/index.html]
[localhost_8080/author/thiago/index.html]
[localhost_8080/escandalos/pedofilia/index.html]
[localhost_8080/doutrina/desassociacao/index.html]
[localhost_8080/wp-content/themes/zerif-lite/js/jquery.knob11a8.js]
[localhost_8080/doutrina/transfusoes-de-sangue/index.html]
[localhost_8080/mudancas/geracao/index.html]
[localhost_8080/doutrina/mediador-somente-para-144-mil/index.html]
[localhost_8080/doutrina/144-mil-literal-ou-figurativo/index.html]
[localhost_8080/doutrina/grande-multidao-outras-ovelhas/index.html]
[localhost_8080/wp-content/themes/zerif-lite/js/smoothscroll11a8.js]
[localhost_8080/doutrina/paraiso-na-terra/index.html]
[localhost_8080/wp-content/themes/zerif-lite/js/scrollReveal11a8.js]
[localhost_8080/doutrina/607-1914-sete-tempos/index.html]
[localhost_8080/doutrina/ultimos-dias/index.html]
[localhost_8080/fundamentos/1919-como-foi-calculado/index.html]
[localhost_8080/fundamentos/salvacao-somente-para-as-testemunhas-de-jeova/index.html]
[localhost_8080/fundamentos/orientados-por-espirito-santo/index.html]
[localhost_8080/wp-content/themes/zerif-lite/js/zerif11a8.js]
[localhost_8080/fundamentos/profeta-de-jeova/index.html]
[localhost_8080/wp-includes/js/wp-embed.mince52.js]
[localhost_8080/fundamentos/organizacao-essencial-para-a-salvacao/index.html]
[localhost_8080/index.html]
[localhost_8080/fundamentos/corpo-governante-no-primeiro-seculo-e-hoje/index.html]
[localhost_8080/fundamentos/escravo-fiel-e-discreto/index.html]
[localhost_8080/mudancas/1925-2/index.html]
[localhost_8080/mudancas/apocalipse-e-daniel/index.html]
[gmpg.org/xfn/11.html]
[localhost_8080/xmlrpc.php]
[fonts.googleapis.com/index.html]
[s.w.org/index.html]
[fonts.googleapis.com/cssc185.css]
[fonts.googleapis.com/css0a0d.css]
[localhost_8080/wp-json/oembed/1.0/embeddc9c.json]
[localhost_8080/wp-json/oembed/1.0/embede3f7]
[localhost_8080/citacoes/index.html]
[localhost_8080/citacoes/apostatas/index.html]
[localhost_8080/citacoes/biblia-exclusiva-para-144-mil/index.html]
[localhost_8080/citacoes/culpar-membros-pelos-erros/index.html]
[localhost_8080/author/thiago/index.html]
[localhost_8080/citacoes/seculo-20-ano-2000/index.html]
[localhost_8080/wp-json/oembed/1.0/embed15c7.json]
[localhost_8080/author/thiago/feed/index.html]
[localhost_8080/wp-json/oembed/1.0/embed9cdb]
[localhost_8080/escandalos/processos-judiciais-sobre-pedofilia/index.html]
[www.jwfacts.com/pdf/un-declaration-rights-of-child-1959.pdf]
[www.jwfacts.com/pdf/child-abuse-watchtower-telememo-1993.pdf]
[www.jwfacts.com/images/child-abuse-telememo-1993-p3.jpg]
[www.jwfacts.com/images/child-abuse-telememo-1993-p3-tn.jpg]
[www.jwfacts.com/images/child-abuse-elders-letter-1989-jul-1-top.jpg]
[www.jwfacts.com/images/child-abuse-elders-letter-1989-jul-1-p3.jpg]
[www.jwfacts.com/images/child-abuse-elders-letter-1989-jul-1-p6-bottom.jpg]
[www.jwfacts.com/images/child-abuse-telememo-p1-1989.jpg]
[www.jwfacts.com/images/child-molester-elders-letter-mar-14-1997.jpg]
[www.parliament.vic.gov.au/images/stories/committees/fcdc/inquiries/57th/Child_Abuse_Inquiry/Transcripts/Watchtower_Bible_and_Tract_Society_Jehovahs_Witnesses_11-April-13.pdf]
[www.jwfacts.com/images/child-abuse-enquiry-2013-aus.jpg]
[www.jwfacts.com/pdf/childabuse-enquiry-australia-watchtower-april-2013.pdf]
[localhost_8080/escandalos/pedofilia/index.html]
[localhost_8080/interessante/experiencias-de-ex-tjs/index.html]
[localhost_8080/wp-json/oembed/1.0/embed2fce.json]
[localhost_8080/wp-json/oembed/1.0/embedca0d]
[localhost_8080/doutrina/desassociacao/index.html]
[localhost_8080/doutrina/desassociacao/desenvolvimento-historico/index.html]
[localhost_8080/doutrina/desassociacao/lista-de-pecados/index.html]
[localhost_8080/wp-json/oembed/1.0/embeda963.json]
[localhost_8080/wp-json/oembed/1.0/embed850f]
[www.aph.gov.au/binaries/hansard/joint/commttee/j2444.pdf]
[localhost_8080/mudancas/recomendacoes-medicas/index.html]
[assetsnffrgf-a.akamaihd.net/assets/m/1102008086/T/art/1102008086_T_cnt_1_lg.jpg]
[i.usatoday.net/communitymanager/_photos/on-deadline/2012/03/27/Carolynnx-large.jpg]
[jeova.info/pdf/blood-substitutes-tcm18-191343.41.delayed]
[localhost_8080/doutrina/transfusoes-de-sangue/index.html]
[localhost_8080/luz-que-clareia-mais-e-mais/index.html]
[localhost_8080/fundamentos/luz-que-clareia-mais-e-mais/index.html]
[localhost_8080/wp-json/oembed/1.0/embeddc89.json]
[localhost_8080/wp-json/oembed/1.0/embed3e86]
[localhost_8080/interessante/estatisticas-tjs/index.html]
[localhost_8080/mudancas/geracao/index.html]
[jeova.info/wp-content/themes/thiago/images/generation-overlap.jpg]
[localhost_8080/wp-json/oembed/1.0/embed4d2f.json]
[localhost_8080/interessante/problema-de-ser-tj/index.html]
[localhost_8080/wp-json/oembed/1.0/embed345b]
[localhost_8080/doutrina/mediador-somente-para-144-mil/index.html]
[localhost_8080/wp-json/oembed/1.0/embed41c4.json]
[localhost_8080/wp-json/oembed/1.0/embed48e1]
[localhost_8080/doutrina/144-mil-literal-ou-figurativo/index.html]
[localhost_8080/wp-json/oembed/1.0/embed7cd4.json]
[localhost_8080/wp-json/oembed/1.0/embedf1b7]
[jeova.info/wp-content/themes/thiago/images/naos1.png]
[localhost_8080/doutrina/grande-multidao-outras-ovelhas/index.html]
[jeova.info/wp-content/themes/thiago/images/naos2.png]
[localhost_8080/wp-json/oembed/1.0/embed4a5c.json]
[localhost_8080/doutrina/paraiso-na-terra/index.html]
[localhost_8080/wp-json/oembed/1.0/embed21d4]
[localhost_8080/wp-json/oembed/1.0/embedaf12.json]
[localhost_8080/wp-json/oembed/1.0/embeda8b1]
[jeova.info/wp-content/themes/thiago/images/607_7tempos_1914.jpg]
[localhost_8080/doutrina/607-1914-sete-tempos/index.html]
[localhost_8080/doutrina/607-1914-sete-tempos/607-metodologia/index.html]
[localhost_8080/doutrina/607-1914-sete-tempos/607-70-anos/index.html]
[localhost_8080/doutrina/607-1914-sete-tempos/607-ou-587/index.html]
[localhost_8080/doutrina/607-1914-sete-tempos/607-1914-7-tempos-historia/index.html]
[localhost_8080/wp-json/oembed/1.0/embed1802.json]
[localhost_8080/mudancas/predicoes-de-datas-que-falharam/index.html]
[localhost_8080/wp-json/oembed/1.0/embedccba]
[localhost_8080/doutrina/terremotos/index.html]
[jeova.info/wp-content/themes/thiago/images/armagedom-apos-esquina.jpg]
[localhost_8080/doutrina/ultimos-dias/index.html]
[localhost_8080/interessante/previsoes-do-fim-do-mundo/index.html]
[localhost_8080/wp-json/oembed/1.0/embedfc4f.json]
[localhost_8080/wp-json/oembed/1.0/embeddcca]
[jeova.info/wp-content/themes/thiago/images/1919a.png]
[jeova.info/wp-content/themes/thiago/images/1919b.png]
[localhost_8080/fundamentos/1919-como-foi-calculado/index.html]
[localhost_8080/mudancas/previsoes-erradas-sobre-1914/index.html]
[localhost_8080/wp-json/oembed/1.0/embedfd0b.json]
[localhost_8080/wp-json/oembed/1.0/embed128a]
[jeova.info/wp-content/themes/thiago/images/salvacao-exclusiva.jpg]
[localhost_8080/fundamentos/salvacao-somente-para-as-testemunhas-de-jeova/index.html]
[localhost_8080/wp-json/oembed/1.0/embed32c5.json]
[localhost_8080/wp-json/oembed/1.0/embedd119]
[localhost_8080/fundamentos/orientados-por-espirito-santo/index.html]
[jeova.info/wp-content/themes/thiago/images/guiados_por_espirito.jpg]
[localhost_8080/wp-json/oembed/1.0/embed0e26.json]
[localhost_8080/wp-json/oembed/1.0/embeda11d]
[localhost_8080/fundamentos/profeta-de-jeova/index.html]
[jeova.info/wp-content/themes/thiago/images/profeta_de_jeova.png]
[localhost_8080/wp-json/oembed/1.0/embed953f.json]
[localhost_8080/wp-json/oembed/1.0/embed5686]
[localhost_8080/fundamentos/organizacao-essencial-para-a-salvacao/index.html]
[localhost_8080/interessante/sempre-houve-testemunhas-de-jeova/index.html]
[localhost_8080/wp-json/oembed/1.0/embed2aea.json]
[localhost_8080/wp-json/oembed/1.0/embedb29f]
[localhost_8080/fundamentos/escravo-fiel-e-discreto/index.html]
[localhost_8080/wp-json/oembed/1.0/embed280c.json]
[localhost_8080/wp-json/oembed/1.0/embed52ed]
[jeova.info/wp-content/themes/thiago/images/corpo_governante.png]
[localhost_8080/fundamentos/corpo-governante-no-primeiro-seculo-e-hoje/index.html]
[localhost_8080/wp-json/oembed/1.0/embed63c1.json]
[localhost_8080/wp-json/oembed/1.0/embed894a]
[localhost_8080/mudancas/1925-2/index.html]
[localhost_8080/wp-content/themes/thiago/images/w26-7-1p196-1925.jpg]
[localhost_8080/wp-json/oembed/1.0/embed31e7.json]
[localhost_8080/mudancas/apocalipse-e-daniel/index.html]
[gmpg.org/xfn/.html]
[gmpg.org/xfn/intro.html]
[gmpg.org/xfn/faq.html]
[localhost_8080/index5643.html]
[localhost_8080/wp-json/oembed/1.0/embed1c57]
[localhost_8080/wp-json/oembed/1.0/embedcf4c.json]
[localhost_8080/citacoes/seculo-20-ano-2000/index.html]
[localhost_8080/wp-json/oembed/1.0/embed5e46]
[localhost_8080/wp-json/oembed/1.0/embed714e.json]
[localhost_8080/citacoes/apostatas/index.html]
[localhost_8080/wp-json/oembed/1.0/embed992c]
[localhost_8080/wp-json/oembed/1.0/embed439d.json]
[localhost_8080/citacoes/culpar-membros-pelos-erros/index.html]
[localhost_8080/wp-json/oembed/1.0/embedfe3c]
[localhost_8080/wp-json/oembed/1.0/embed1cb2.json]
[localhost_8080/mudancas/1975-citacoes-da-organizacao/index.html]
[localhost_8080/citacoes/biblia-exclusiva-para-144-mil/index.html]
[localhost_8080/index6cf3.html]
[localhost_8080/wp-json/oembed/1.0/embed7354]
[localhost_8080/wp-json/oembed/1.0/embedc229.json]
[localhost_8080/escandalos/processos-judiciais-sobre-pedofilia/index.html]
[localhost_8080/wp-json/oembed/1.0/embed9b5a]
[localhost_8080/wp-json/oembed/1.0/embed9020.json]
[localhost_8080/interessante/experiencias-de-ex-tjs/index.html]
[localhost_8080/indexa828.html]
[localhost_8080/wp-json/oembed/1.0/embed36e7]
[localhost_8080/wp-json/oembed/1.0/embed7666.json]
[localhost_8080/doutrina/desassociacao/desenvolvimento-historico/index.html]
[localhost_8080/wp-json/oembed/1.0/embede65b]
[localhost_8080/wp-json/oembed/1.0/embed3a08.json]
[localhost_8080/wp-json/oembed/1.0/embed28c8]
[localhost_8080/doutrina/desassociacao/lista-de-pecados/index.html]
[localhost_8080/index7760.html]
[localhost_8080/wp-json/oembed/1.0/embed5f93.json]
[localhost_8080/wp-json/oembed/1.0/embed7713]
[localhost_8080/mudancas/recomendacoes-medicas/index.html]
[localhost_8080/wp-json/oembed/1.0/embed3e82.json]
[localhost_8080/wp-json/oembed/1.0/embedc4b6]
[localhost_8080/mudancas/codigo-da-vinci-maconaria-adventistas/index.html]
[localhost_8080/mudancas/autoridades-superiores/index.html]
[jeova.info/wp-content/themes/thiago/images/nova_luz_mib.jpg]
[localhost_8080/fundamentos/luz-que-clareia-mais-e-mais/index.html]
[localhost_8080/index47f2.html]
[localhost_8080/wp-json/oembed/1.0/embed6c26.json]
[localhost_8080/wp-json/oembed/1.0/embede487]
[localhost_8080/interessante/estatisticas-tjs/index.html]
[localhost_8080/wp-json/oembed/1.0/embedb56f.json]
[localhost_8080/wp-json/oembed/1.0/embed738f]
[localhost_8080/interessante/problema-de-ser-tj/index.html]
[localhost_8080/index0114.html]
[localhost_8080/indexd7c9.html]
[localhost_8080/index7b17.html]
[localhost_8080/index5034.html]
[localhost_8080/indexd1a7.html]
[localhost_8080/wp-json/oembed/1.0/embed7a64.json]
[localhost_8080/wp-json/oembed/1.0/embede6d0]
[localhost_8080/doutrina/607-1914-sete-tempos/607-ou-587/index.html]
[localhost_8080/wp-json/oembed/1.0/embeda553.json]
[localhost_8080/doutrina/607-1914-sete-tempos/607-ou-587/quando-jerusalem-foi-destruida-2/index.html]
[localhost_8080/doutrina/607-1914-sete-tempos/607-ou-587/quando-jerusalem-foi-destruida-1/index.html]
[localhost_8080/doutrina/607-1914-sete-tempos/607-metodologia/index.html]
[localhost_8080/wp-json/oembed/1.0/embedad83]
[localhost_8080/wp-json/oembed/1.0/embede694.json]
[localhost_8080/wp-json/oembed/1.0/embeda147]
[localhost_8080/doutrina/607-1914-sete-tempos/607-70-anos/index.html]
[localhost_8080/wp-json/oembed/1.0/embededd1.json]
[localhost_8080/wp-json/oembed/1.0/embeda787]
[localhost_8080/doutrina/607-1914-sete-tempos/607-1914-7-tempos-historia/index.html]
[localhost_8080/wp-json/oembed/1.0/embed1430.json]
[localhost_8080/wp-json/oembed/1.0/embed9225]
[localhost_8080/mudancas/predicoes-de-datas-que-falharam/index.html]
[localhost_8080/indexeb91.html]
[localhost_8080/wp-json/oembed/1.0/embed5234.json]
[localhost_8080/wp-json/oembed/1.0/embed6e06]
[localhost_8080/doutrina/terremotos/index.html]
[localhost_8080/wp-json/oembed/1.0/embed0ce6.json]
[localhost_8080/wp-json/oembed/1.0/embed1c5a]
[localhost_8080/interessante/previsoes-do-fim-do-mundo/index.html]
[localhost_8080/indexfbd5.html]
[localhost_8080/wp-json/oembed/1.0/embed90a2.json]
[localhost_8080/wp-json/oembed/1.0/embedc0a8]
[localhost_8080/mudancas/previsoes-erradas-sobre-1914/index.html]
[localhost_8080/index5e74.html]
[localhost_8080/index94b0.html]
[localhost_8080/index5fb3.html]
[localhost_8080/index2dc8.html]
[localhost_8080/wp-json/oembed/1.0/embed51da.json]
[localhost_8080/wp-json/oembed/1.0/embedaeb4]
[localhost_8080/interessante/sempre-houve-testemunhas-de-jeova/index.html]
[localhost_8080/index1098.html]
[localhost_8080/index5c36.html]
[localhost_8080/indexbbbb.html]
[localhost_8080/index248a.html]
[localhost_8080/index65a9.html]
[localhost_8080/indexdd01.html]
[localhost_8080/index8c55.html]
[localhost_8080/wp-json/oembed/1.0/embed674b.json]
[localhost_8080/wp-json/oembed/1.0/embed14be]
[localhost_8080/mudancas/1975-citacoes-da-organizacao/index.html]
[localhost_8080/index2915.html]
[localhost_8080/index49a5.html]
[localhost_8080/indexe1a1.html]
[localhost_8080/index11bd.html]
[localhost_8080/index3b28.html]
[localhost_8080/index1a26.html]
[localhost_8080/index8cf7.html]
[localhost_8080/wp-json/oembed/1.0/embed6b3e.json]
[localhost_8080/wp-json/oembed/1.0/embed7b9f]
[localhost_8080/mudancas/codigo-da-vinci-maconaria-adventistas/index.html]
[localhost_8080/wp-json/oembed/1.0/embedea61.json]
[localhost_8080/wp-json/oembed/1.0/embed5c52]
[localhost_8080/mudancas/autoridades-superiores/index.html]
[localhost_8080/indexd0b8.html]
[localhost_8080/indexe2aa.html]
[localhost_8080/index27ac.html]
[localhost_8080/wp-json/oembed/1.0/embed637b.json]
[localhost_8080/wp-json/oembed/1.0/embed51e3]
[localhost_8080/doutrina/607-1914-sete-tempos/607-ou-587/quando-jerusalem-foi-destruida-1/index.html]
[localhost_8080/wp-json/oembed/1.0/embedd532.json]
[localhost_8080/wp-json/oembed/1.0/embed9ca6]
[mentesbereanas.org/www.jwstudies.com/Critique_of_When_Was_Ancient_Jerusalem_Destroyed.bb.delayed]
[mentesbereanas.org/www.jwstudies.com/Critique_Part_A_of_Jerusalem_Destroyed_part_2.pdf]
[localhost_8080/doutrina/607-1914-sete-tempos/607-ou-587/quando-jerusalem-foi-destruida-2/index.html]
[localhost_8080/indexedce.html]
[localhost_8080/index6205.html]
[localhost_8080/indexfcc0.html]
[localhost_8080/indexc5eb.html]
[localhost_8080/indexa09e.html]
[localhost_8080/index15f1.html]
[localhost_8080/index460d.html]
[localhost_8080/index5721.html]
[localhost_8080/indexdb4e.html]
[localhost_8080/index8b4e.html]
[localhost_8080/index2fa7.html]
[localhost_8080/index6fe2.html]
[localhost_8080/index7a58.html]
[localhost_8080/wp-json/index.html]
[localhost_8080/wp-includes/css/dist/block-library/style.mince52.css]
[localhost_8080/wp-content/themes/zerif-lite/css/bootstrapce52.css]
[localhost_8080/wp-content/themes/zerif-lite/fonts/fontawesome-webfont78ce.eot]
[localhost_8080/author/thiago/feed/index.html]
[localhost_8080/wp-content/themes/zerif-lite/fonts/fontawesome-webfontd41d.eot]
[localhost_8080/wp-content/themes/zerif-lite/fonts/fontawesome-webfont78ce.woff]
[localhost_8080/wp-content/themes/zerif-lite/fonts/fontawesome-webfont78ce.ttf]
[localhost_8080/wp-content/themes/zerif-lite/css/font-awesome.mind3b3.css]
[localhost_8080/wp-content/themes/thiago/styled3b3.css]
[localhost_8080/wp-content/themes/zerif-lite/css/responsived3b3.css]
[localhost_8080/wp-content/themes/zerif-lite/images/search_icon.png]
[assetsnffrgf-a.akamaihd.net/assets/m/1102008086/T/art/1102008086_T_cnt_1_lg.jpg]
[www.aph.gov.au/binaries/hansard/joint/commttee/j2444.pdf]
[i.usatoday.net/communitymanager/_photos/on-deadline/2012/03/27/Carolynnx-large.jpg]
[localhost_8080/wp-content/themes/zerif-lite/images/loading.gif]
[jeova.info/wp-content/themes/thiago/images/generation-overlap.jpg]
[jeova.info/wp-content/themes/thiago/images/naos1.png]
[jeova.info/wp-content/themes/thiago/images/naos2.png]
[localhost_8080/wp-content/themes/zerif-lite/images/left-arrow.png]
[jeova.info/wp-content/themes/thiago/images/607_7tempos_1914.jpg]
[jeova.info/wp-content/themes/thiago/images/armagedom-apos-esquina.jpg]
[localhost_8080/wp-content/themes/zerif-lite/images/right-arrow.png]
[jeova.info/wp-content/themes/thiago/images/1919a.png]
[jeova.info/wp-content/themes/thiago/images/1919b.png]
[jeova.info/wp-content/themes/thiago/images/salvacao-exclusiva.jpg]
[localhost_8080/wp-content/themes/zerif-lite/images/lines.png]
[jeova.info/wp-content/themes/thiago/images/guiados_por_espirito.jpg]
[localhost_8080/wp-content/themes/zerif-lite/images/lines-dark.png]
[jeova.info/wp-content/themes/thiago/images/profeta_de_jeova.png]
[jeova.info/wp-content/themes/thiago/images/corpo_governante.png]
[localhost_8080/wp-content/themes/zerif-lite/images/woostars.png]
[localhost_8080/wp-content/themes/zerif-lite/images/menu-icon.png]
[localhost_8080/wp-content/themes/zerif-lite/stylece52.css]
[localhost_8080/wp-content/themes/thiago/customce52.css]
[localhost_8080/wp-content/themes/thiago/images/bg.html]
[localhost_8080/citacoes/index.html]
[gmpg.org/xfn/default.css]
[localhost_8080/index6cf3.html]
[localhost_8080/interessante/experiencias-de-ex-tjs/index.html]
[jeova.info/pdf/blood-substitutes-tcm18-191343.html]
[localhost_8080/interessante/estatisticas-tjs/index.html]
[localhost_8080/interessante/problema-de-ser-tj/index.html]
[localhost_8080/wp-content/themes/thiago/images/participantes-memorial-desde-2005.html]
[localhost_8080/wp-json/oembed/1.0/embed345b]
[localhost_8080/index5034.html]
[localhost_8080/indexd1a7.html]
[localhost_8080/doutrina/607-1914-sete-tempos/607-ou-587/index.html]
[localhost_8080/interessante/previsoes-do-fim-do-mundo/index.html]
[localhost_8080/mudancas/previsoes-erradas-sobre-1914/index.html]
[localhost_8080/index94b0.html]
[localhost_8080/index5fb3.html]
[localhost_8080/index2dc8.html]
[localhost_8080/interessante/sempre-houve-testemunhas-de-jeova/index.html]
[assetsnffrgf-a.akamaihd.net/assets/m/w13/20130415/w13_20130415_T.art/2013286_T_cnt_2_lg.html]
[localhost_8080/indexbbbb.html]
[localhost_8080/index248a.html]
[localhost_8080/index65a9.html]
[localhost_8080/indexdd01.html]
[localhost_8080/index8c55.html]
[localhost_8080/mudancas/1975-citacoes-da-organizacao/index.html]
[localhost_8080/index49a5.html]
[localhost_8080/indexe1a1.html]
[localhost_8080/index11bd.html]
[localhost_8080/index3b28.html]
[localhost_8080/wp-json/oembed/1.0/embede487]
[localhost_8080/index6205.html]
[mentesbereanas.org/www.jwstudies.com/Critique_of_When_Was_Ancient_Jerusalem_Destroyed.html]
[mentesbereanas.org/www.jwstudies.com/Critique_Part_A_of_Jerusalem_Destroyed_part_2.html]
[localhost_8080/wp-content/themes/zerif-lite/fonts/fontawesome-webfont78ce.svg]
